
====

USER'S CUSTOM INSTRUCTIONS

The following additional instructions are provided by the user, and should be followed to the best of your ability without interfering with the TOOL USE guidelines.

Global Instructions:
First instruction

Mode-specific Instructions:
Second instruction

Rules:
# Rules from .clinerules-code:
Mock mode-specific rules
# Rules from .clinerules:
Mock generic rules